Microchip MPLAB XC8 Compiler V2.36

Linker command line:

-W-3 --edf=C:\Program Files\Microchip\xc8\v2.36\pic\dat\en_msgs.txt -cn \
  -h+dist/default/production\Locker.X.production.sym \
  --cmf=dist/default/production\Locker.X.production.cmf -z -Q16F877A \
  -oC:\Users\ASUS\AppData\Local\Temp\xcAs82g.4 --defsym=__MPLAB_BUILD=1 \
  -Mdist/default/production/Locker.X.production.map \
  --md=C:\Users\ASUS\AppData\Local\Temp\xcAs82g.dat -E1 -ver=XC8 Compiler \
  --acfsm=1493 -ACODE=00h-07FFhx4 -ASTRCODE=00h-01FFFh -ASTRING=00h-0FFhx32 \
  -ACONST=00h-0FFhx32 -AENTRY=00h-0FFhx32 -ACOMMON=070h-07Fh \
  -ABANK0=020h-06Fh -ABANK1=0A0h-0EFh -ABANK2=0110h-016Fh \
  -ABANK3=0190h-01EFh -ARAM=020h-06Fh,0A0h-0EFh,0110h-016Fh,0190h-01EFh \
  -AABS1=020h-07Fh,0A0h-0EFh,0110h-016Fh,0190h-01EFh -ASFR0=00h-01Fh \
  -ASFR1=080h-09Fh -ASFR2=0100h-010Fh -ASFR3=0180h-018Fh \
  -ACONFIG=02007h-02007h -DCONFIG=2 -AIDLOC=02000h-02003h -DIDLOC=2 \
  -AEEDATA=00h-0FFh/02100h -peeprom_data=EEDATA -DEEDATA=2 -DCODE=2 \
  -DSTRCODE=2 -DSTRING=2 -DCONST=2 -DENTRY=2 \
  -preset_vec=00h,intentry,init,end_init -ppowerup=CODE -pcinit=CODE \
  -pfunctab=ENTRY -k C:\Users\ASUS\AppData\Local\Temp\xcAs82g.o \
  dist/default/production\Locker.X.production.o 

Object code version is 3.11

Machine type is 16F877A



                Name                               Link     Load   Length Selector   Space Scale
C:\Users\ASUS\AppData\Local\Temp\xcAs82g.o
                end_init                              0        0        3        0       0
                config                             2007     2007        1        0       4
                idloc                              2000     2000        4        0       5
dist/default/production\Locker.X.production.o
                cinit                               7EA      7EA       16      FD4       0
                config                             2007     2007        1        0       4
                idloc                              2000     2000        4        0       5
                text10                              53D      53D       35      A7A       0
                text9                               4EE      4EE       24      9DC       0
                text8                               48B      48B       14      916       0
                text7                               676      676      174      CEC       0
                text6                               49F      49F       14      93E       0
                text5                               4B3      4B3       19      966       0
                text4                               4CC      4CC       22      998       0
                text3                               572      572       48      AE4       0
                text2                               512      512       2B      A24       0
                text1                               5BA      5BA       48      B74       0
                maintext                            602      602       74      C04       0
                cstackBANK0                          2E       2E        3       20       1
                cstackCOMMON                         70       70        E       70       1
                inittext                            478      478       13      8F0       0
                dataBANK0                            20       20        A       20       1
                bssBANK0                             2A       2A        4       20       1
                strings                               3        3       41        6       0
                idataBANK0                          46E      46E        A      8DC       0

TOTAL           Name                               Link     Load   Length     Space
        CLASS   CODE           
                end_init                              0        0        3         0
                cinit                               7EA      7EA       16         0
                text10                              53D      53D       35         0
                text9                               4EE      4EE       24         0
                text8                               48B      48B       14         0
                text7                               676      676      174         0
                text6                               49F      49F       14         0
                text5                               4B3      4B3       19         0
                text4                               4CC      4CC       22         0
                text3                               572      572       48         0
                text2                               512      512       2B         0
                text1                               5BA      5BA       48         0
                maintext                            602      602       74         0
                inittext                            478      478       13         0
                idataBANK0                          46E      46E        A         0

        CLASS   STRCODE        

        CLASS   STRING         
                strings                               3        3       41         0

        CLASS   CONST          

        CLASS   ENTRY          

        CLASS   COMMON         
                cstackCOMMON                         70       70        E         1

        CLASS   BANK0          
                cstackBANK0                          2E       2E        3         1
                dataBANK0                            20       20        A         1
                bssBANK0                             2A       2A        4         1

        CLASS   BANK1          

        CLASS   BANK2          

        CLASS   BANK3          

        CLASS   RAM            

        CLASS   ABS1           
                abs_s1                               7E       7E        2         1

        CLASS   SFR0           

        CLASS   SFR1           

        CLASS   SFR2           

        CLASS   SFR3           

        CLASS   CONFIG         
                config                             2007     2007        1         4

        CLASS   IDLOC          
                idloc                              2000     2000        4         5

        CLASS   EEDATA         

        CLASS   STACK          



SEGMENTS        Name                           Load    Length   Top    Selector   Space  Class     Delta

                reset_vec                      000000  000003  000003         0       0  CODE        2
                strings                        000003  000041  000044         6       0  STRING      2
                dataBANK0                      000020  000011  000031        20       1  BANK0       1
                cstackCOMMON                   000070  00000E  00007E        70       1  COMMON      1
                idataBANK0                     00046E  00000A  000478       8DC       0  CODE        2
                inittext                       000478  000013  00048B       8F0       0  CODE        2
                text8                          00048B  000014  00049F       916       0  CODE        2
                text6                          00049F  000014  0004B3       93E       0  CODE        2
                text5                          0004B3  000019  0004CC       966       0  CODE        2
                text4                          0004CC  000022  0004EE       998       0  CODE        2
                text9                          0004EE  000024  000512       9DC       0  CODE        2
                text2                          000512  00002B  00053D       A24       0  CODE        2
                text10                         00053D  000035  000572       A7A       0  CODE        2
                text3                          000572  000048  0005BA       AE4       0  CODE        2
                text1                          0005BA  000048  000602       B74       0  CODE        2
                maintext                       000602  000074  000676       C04       0  CODE        2
                text7                          000676  000174  0007EA       CEC       0  CODE        2
                cinit                          0007EA  000016  000800       FD4       0  CODE        2


UNUSED ADDRESS RANGES

        Name                Unused          Largest block    Delta
        BANK0            0031-006F             3F           1
        BANK1            00A0-00EF             50           1
        BANK2            0110-016F             60           1
        BANK3            0190-01EF             60           1
        CODE             0044-046D            42A           2
                         0800-1FFF            800
        CONST            0044-046D            100           2
                         0800-1FFF            100
        EEDATA           2100-21FF            100           2
        ENTRY            0044-046D            100           2
                         0800-1FFF            100
        RAM              0031-006F             3F           1
                         00A0-00EF             50
                         0110-016F             60
                         0190-01EF             60
        SFR0             0000-001F             20           1
        SFR1             0080-009F             20           1
        SFR2             0100-010F             10           1
        SFR3             0180-018F             10           1
        STRCODE          0044-046D            42A           2
                         0800-1FFF           1800
        STRING           0044-046D            100           2
                         0800-1FFF            100

                                  Symbol Table

?_getSize                cstackCOMMON 0070
_PORTA                   (abs)        0005
_PORTD                   (abs)        0008
_RB0                     (abs)        0030
_RB1                     (abs)        0031
_RB2                     (abs)        0032
_RB4                     (abs)        0034
_RB5                     (abs)        0035
_RB6                     (abs)        0036
_RB7                     (abs)        0037
_RC0                     (abs)        0038
_RC1                     (abs)        0039
_RC2                     (abs)        003A
_TRISA                   (abs)        0085
_TRISB                   (abs)        0086
_TRISC                   (abs)        0087
_TRISD                   (abs)        0088
__Habs1                  abs1         0000
__Hbank0                 bank0        0000
__Hbank1                 bank1        0000
__Hbank2                 bank2        0000
__Hbank3                 bank3        0000
__HbssBANK0              bssBANK0     0000
__Hcinit                 cinit        0800
__Hclrtext               clrtext      0000
__Hcode                  code         0000
__Hcommon                common       0000
__Hconfig                config       2008
__HcstackBANK0           cstackBANK0  0000
__HcstackCOMMON          cstackCOMMON 0000
__HdataBANK0             dataBANK0    0000
__Heeprom_data           eeprom_data  0000
__Hend_init              end_init     0003
__Hfunctab               functab      0000
__HidataBANK0            idataBANK0   0000
__Hidloc                 idloc        2004
__Hinit                  init         0000
__Hinittext              inittext     0000
__Hintentry              intentry     0000
__Hmaintext              maintext     0000
__Hpowerup               powerup      0000
__Hram                   ram          0000
__Hreset_vec             reset_vec    0000
__Hsfr0                  sfr0         0000
__Hsfr1                  sfr1         0000
__Hsfr2                  sfr2         0000
__Hsfr3                  sfr3         0000
__Hspace_0               (abs)        0800
__Hspace_1               (abs)        007E
__Hspace_2               (abs)        0000
__Hspace_3               (abs)        0000
__Hspace_4               (abs)        400F
__Hstack                 stack        0000
__Hstrings               strings      0000
__Htext                  text         0000
__Labs1                  abs1         0000
__Lbank0                 bank0        0000
__Lbank1                 bank1        0000
__Lbank2                 bank2        0000
__Lbank3                 bank3        0000
__LbssBANK0              bssBANK0     0000
__Lcinit                 cinit        07EA
__Lclrtext               clrtext      0000
__Lcode                  code         0000
__Lcommon                common       0000
__Lconfig                config       0000
__LcstackBANK0           cstackBANK0  0000
__LcstackCOMMON          cstackCOMMON 0000
__LdataBANK0             dataBANK0    0000
__Leeprom_data           eeprom_data  0000
__Lend_init              end_init     0000
__Lfunctab               functab      0000
__LidataBANK0            idataBANK0   0000
__Lidloc                 idloc        0000
__Linit                  init         0000
__Linittext              inittext     0000
__Lintentry              intentry     0000
__Lmaintext              maintext     0000
__Lpowerup               powerup      0000
__Lram                   ram          0000
__Lreset_vec             reset_vec    0000
__Lsfr0                  sfr0         0000
__Lsfr1                  sfr1         0000
__Lsfr2                  sfr2         0000
__Lsfr3                  sfr3         0000
__Lspace_0               (abs)        0000
__Lspace_1               (abs)        0000
__Lspace_2               (abs)        0000
__Lspace_3               (abs)        0000
__Lspace_4               (abs)        0000
__Lstack                 stack        0000
__Lstrings               strings      0000
__Ltext                  text         0000
__S0                     (abs)        0800
__S1                     (abs)        007E
__S3                     (abs)        0000
___int_sp                stack        0000
___latbits               (abs)        0002
___sp                    stack        0000
___stackhi               (abs)        0000
___stacklo               (abs)        0000
__end_of__initialization cinit        07FC
__end_of__stringtab      strings      0009
__end_of_checkPass       text10       0572
__end_of_getSize         text9        0512
__end_of_keypad          text7        07EA
__end_of_lcd_data        text8        049F
__end_of_lcd_init        text5        04CC
__end_of_lcd_instruction text6        04B3
__end_of_lcd_string      text4        04EE
__end_of_lock_init       text3        05BA
__end_of_main            maintext     0676
__end_of_resetLock       text2        053D
__end_of_tryAgain        text1        0602
__initialization         cinit        07EA
__pbssBANK0              bssBANK0     002A
__pcstackBANK0           cstackBANK0  002E
__pcstackCOMMON          cstackCOMMON 0070
__pdataBANK0             dataBANK0    0020
__pidataBANK0            idataBANK0   046E
__pmaintext              maintext     0602
__pstrings               strings      0003
__ptext1                 text1        05BA
__ptext10                text10       053D
__ptext2                 text2        0512
__ptext3                 text3        0572
__ptext4                 text4        04CC
__ptext5                 text5        04B3
__ptext6                 text6        049F
__ptext7                 text7        0676
__ptext8                 text8        048B
__ptext9                 text9        04EE
__stringbase             strings      0008
__stringtab              strings      0003
_checkPass               text10       053D
_currentPassword         dataBANK0    0020
_defaultPassword         dataBANK0    0025
_getSize                 text9        04EE
_keypad                  text7        0676
_lcd_data                text8        048B
_lcd_init                text5        04B3
_lcd_instruction         text6        049F
_lcd_string              text4        04CC
_lock_init               text3        0572
_main                    maintext     0602
_passwordCurrentLength   bssBANK0     002C
_passwordMaxLength       bssBANK0     002A
_resetLock               text2        0512
_tryAgain                text1        05BA
btemp                    (abs)        007E
checkPass@i              cstackCOMMON 0071
end_of_initialization    cinit        07FC
getSize@i                cstackCOMMON 0075
getSize@string           cstackCOMMON 0074
init_fetch0              inittext     0478
init_ram0                inittext     047C
intlevel0                functab      0000
intlevel1                functab      0000
intlevel2                functab      0000
intlevel3                functab      0000
intlevel4                functab      0000
intlevel5                functab      0000
lcd_data@data            cstackCOMMON 0072
lcd_instruction@data     cstackCOMMON 0072
lcd_string@i             cstackCOMMON 0075
lcd_string@size          cstackCOMMON 0073
lcd_string@string        cstackCOMMON 0077
resetLock@i              cstackCOMMON 007C
reset_vec                reset_vec    0000
start                    init         0000
start_initialization     cinit        07EA
wtemp0                   (abs)        007E


MODULE INFORMATION

Module		Function		Class		Link	Load	Size
shared
		__stringtab    		STRING         	0003	0000	6
		__initialization		CODE           	07EA	0000	18

shared estimated size: 24

main.c
		_lcd_data      		CODE           	048B	0000	20
		_lock_init     		CODE           	0572	0000	72
		_main          		CODE           	0602	0000	116
		_keypad        		CODE           	0676	0000	372
		_lcd_instruction		CODE           	049F	0000	20
		_resetLock     		CODE           	0512	0000	43
		_tryAgain      		CODE           	05BA	0000	72
		_checkPass     		CODE           	053D	0000	53
		_lcd_string    		CODE           	04CC	0000	34
		_lcd_init      		CODE           	04B3	0000	25
		_getSize       		CODE           	04EE	0000	36

main.c estimated size: 863

